
There are no discarded input sections

Memory Configuration

Name             Origin             Length             Attributes
*default*        0x00000000         0xffffffff

Linker script and memory map

                0x00000500                        phys = 0x500
                0x00000500                        . = phys

.entry          0x00000500        0x0
                0x00000500                        __entry_start = .
 *(.entry)

.text           0x00000500      0xa67
                0x00000500                        __text_start = .
 *(.text)
 .text          0x00000500      0x104 /home/novice/Documents/ownOS0/build/bootloader/asm/entry.obj
                0x000005c7                entry
 *fill*         0x00000604        0xc 
 .text          0x00000610      0x1a5 /home/novice/Documents/ownOS0/build/bootloader/asm/x86.obj
                0x00000610                x86_outb
                0x0000061b                x86_inb
                0x00000624                x86_Disk_GetDriveParams
                0x000006e7                x86_Disk_Reset
                0x00000737                x86_Disk_Read
 .text          0x000007b5       0x25 /home/novice/Documents/ownOS0/build/bootloader/c/main.obj
                0x000007b5                start
 .text          0x000007da      0x78d /home/novice/Documents/ownOS0/build/bootloader/c/stdio.obj
                0x000007da                updateCursor
                0x0000085d                clr
                0x000008ec                newLine
                0x0000092b                scrollUp
                0x000009ee                puts
                0x00000a22                putc
                0x00000b55                printf_unsigned
                0x00000bf9                printf_signed
                0x00000c56                printf

.data           0x00000f68        0x2
                0x00000f68                        __data_start = .
 *(.data)
 .data          0x00000f68        0x0 /home/novice/Documents/ownOS0/build/bootloader/c/main.obj
 .data          0x00000f68        0x2 /home/novice/Documents/ownOS0/build/bootloader/c/stdio.obj
                0x00000f68                currentColor

.rodata         0x00000f6c       0xc4
                0x00000f6c                        __rodata_start = .
 *(.rodata)
 .rodata        0x00000f6c        0xe /home/novice/Documents/ownOS0/build/bootloader/c/main.obj
 *fill*         0x00000f7a        0x2 
 .rodata        0x00000f7c       0xb4 /home/novice/Documents/ownOS0/build/bootloader/c/stdio.obj
                0x00000f7c                vga
                0x00000f80                defaultColor
                0x00000f84                g_HexChars

.bss            0x00001030        0x4
                0x00001030                        __bss_start = .
 *(.bss)
 .bss           0x00001030        0x0 /home/novice/Documents/ownOS0/build/bootloader/c/main.obj
 .bss           0x00001030        0x4 /home/novice/Documents/ownOS0/build/bootloader/c/stdio.obj
                0x00001030                column
                0x00001032                line
                0x00001034                        __end = .
LOAD /home/novice/Documents/ownOS0/build/bootloader/asm/entry.obj
LOAD /home/novice/Documents/ownOS0/build/bootloader/asm/x86.obj
LOAD /home/novice/Documents/ownOS0/build/bootloader/c/main.obj
LOAD /home/novice/Documents/ownOS0/build/bootloader/c/stdio.obj
OUTPUT(/home/novice/Documents/ownOS0/build/boot0.bin binary)

.debug_info     0x00000000      0x486
 .debug_info    0x00000000       0xcd /home/novice/Documents/ownOS0/build/bootloader/c/main.obj
 .debug_info    0x000000cd      0x3b9 /home/novice/Documents/ownOS0/build/bootloader/c/stdio.obj

.debug_abbrev   0x00000000      0x23e
 .debug_abbrev  0x00000000       0xa7 /home/novice/Documents/ownOS0/build/bootloader/c/main.obj
 .debug_abbrev  0x000000a7      0x197 /home/novice/Documents/ownOS0/build/bootloader/c/stdio.obj

.debug_aranges  0x00000000       0x40
 .debug_aranges
                0x00000000       0x20 /home/novice/Documents/ownOS0/build/bootloader/c/main.obj
 .debug_aranges
                0x00000020       0x20 /home/novice/Documents/ownOS0/build/bootloader/c/stdio.obj

.debug_line     0x00000000      0x3a9
 .debug_line    0x00000000       0x5a /home/novice/Documents/ownOS0/build/bootloader/c/main.obj
 .debug_line    0x0000005a      0x34f /home/novice/Documents/ownOS0/build/bootloader/c/stdio.obj

.debug_str      0x00000000      0x2d8
 .debug_str     0x00000000       0xf2 /home/novice/Documents/ownOS0/build/bootloader/c/main.obj
 .debug_str     0x000000f2      0x1e6 /home/novice/Documents/ownOS0/build/bootloader/c/stdio.obj

.debug_line_str
                0x00000000      0x19c
 .debug_line_str
                0x00000000       0xc9 /home/novice/Documents/ownOS0/build/bootloader/c/main.obj
 .debug_line_str
                0x000000c9       0xd3 /home/novice/Documents/ownOS0/build/bootloader/c/stdio.obj

.comment        0x00000000       0x26
 .comment       0x00000000       0x13 /home/novice/Documents/ownOS0/build/bootloader/c/main.obj
 .comment       0x00000013       0x13 /home/novice/Documents/ownOS0/build/bootloader/c/stdio.obj

.debug_frame    0x00000000      0x17c
 .debug_frame   0x00000000       0x34 /home/novice/Documents/ownOS0/build/bootloader/c/main.obj
 .debug_frame   0x00000034      0x148 /home/novice/Documents/ownOS0/build/bootloader/c/stdio.obj
